// Jest Snapshot v1, https://goo.gl/fbAQLP

exports[`pruebas en <CounterApp /> debe de hacer match con el snapshot 1`] = `
<div>
  <h1>
    CounterApp
  </h1>
  <h2>
    10
  </h2>
  <button
    data-testid="btn-increase"
  >
    +1
  </button>
  <button
    data-testid="btn-decrease"
  >
    -1
  </button>
  <button
    data-testid="btn-reset"
  >
    Reset
  </button>
</div>
`;
